Average Duration: 0.1708699997
Cycles: 30000
CPS: 175572.07264394933